// Vitest Snapshot v1, https://vitest.dev/guide/snapshot.html

exports[`v3 identity compatibility > preserves core, config, SVG, and geometry vectors 1`] = `
{
  "catSvg": {
    "": "482329d040e82526afc16ae0d1f98e50c095445302d65383ec5faed148589acb",
    "0x71C7656EC7ab88b098defB751B7401B5f6d8976F": "5fd1b75990b25cbd412753f6e50b9fce9f6c39d3cebc7dc513dbbe973de28975",
    "alice": "4391772e8ec81cf5f64f9842cab6a5df59965fa5c6496258f69ff8d382c12c59",
    "✦": "9af16dd01967c23ffd33c3d54db8a79f3daffcfda13942b7aef4df17adf1ef15",
  },
  "foxSvg": {
    "": "623fbe60400396e4030b8289400504776678292d4e708469c65b78ad6dda77b4",
    "0x71C7656EC7ab88b098defB751B7401B5f6d8976F": "0261899f19e209ba9606a5dffb7dc916a3e2d9463edd586af801633061441e52",
    "alice": "8a2b6577b0fc52a3111a4cd51ec70cc74cb0349cc472eda2061ceb8414e93461",
    "✦": "c0ce38fe8658c036aeb6036eb51e1a0b129ba3cd58e6ce071202610e6b80c9ba",
  },
  "gemConfig": {
    "": {
      "camera": {
        "far": 100,
        "fov": 35,
        "lookAt": [
          0,
          -0.05,
          0,
        ],
        "near": 0.1,
        "position": [
          0,
          0.2,
          2.4,
        ],
      },
      "environment": {
        "blurRadius": 0,
        "domeLightness": 0.314,
        "domeRadius": 6,
        "domeSaturation": 0.1,
        "fillCount": 4,
        "fillHueStep": 90,
        "fillLightness": 0.18,
        "fillRadius": 4,
        "fillSaturation": 0.6,
        "fillSize": 0.8,
        "fillY": -1,
        "spotCount": 16,
        "spotOrbitRadius": 5.5,
        "spotSize": 0.07,
        "tintSpotIntensity": 1.8,
        "tintSpotLightness": 0.9,
        "whiteSpotIntensity": 2.5,
      },
      "gem": {
        "attenuationLightness": 0.29,
        "bodyLightness": 0.45,
        "bodySaturationScale": 0.78,
        "cut": "zircon",
        "distortion": {
          "noiseSeed": 0.45752396225,
          "perfection": 0.930886834161,
          "scaleX": 0.193170493003,
          "scaleY": 0.168674041051,
          "scaleZ": 0.317650765413,
        },
        "hue": 116.081696692854,
        "material": {
          "attenuationDistance": 2,
          "envMapIntensity": 3.1,
          "ior": 2.785725027276,
          "iridescence": 0.522830363503,
          "iridescenceIOR": 1.67,
          "iridescenceThicknessRange": [
            100,
            800,
          ],
          "thickness": 0.5,
          "transmission": 0.8,
        },
        "saturation": 0.758493761998,
        "speed": 0.957277563959,
        "spinRate": 0.25,
        "tilt": -0.053270360362,
        "wireframeOpacity": 0.3,
        "wobbleAmount": 0.2,
        "wobbleRate": 1,
      },
      "lights": {
        "accent1Hue": 156.019442919642,
        "accent2HueOffset": 110,
        "ambientIntensity": 0.2,
        "bobAmount": 0.35,
        "bobRate": 0.38,
        "orbits": [
          {
            "color": 16774368,
            "intensity": 180,
            "phaseDeg": 0,
            "radius": 1.6,
            "speed": 0.55,
            "tint": null,
            "y": 1,
          },
          {
            "color": 16777215,
            "intensity": 140,
            "phaseDeg": 120,
            "radius": 1.8,
            "speed": -0.42,
            "tint": "accent1",
            "y": 0.3,
          },
          {
            "color": 16777215,
            "intensity": 120,
            "phaseDeg": 240,
            "radius": 1.5,
            "speed": 0.8,
            "tint": "accent2",
            "y": -0.2,
          },
          {
            "color": 13162751,
            "intensity": 80,
            "phaseDeg": 180,
            "radius": 2,
            "speed": -0.3,
            "tint": null,
            "y": 1.4,
          },
        ],
        "pointLightRange": 6,
        "rim": {
          "hueOffset": 160,
          "intensity": 1.8,
          "lightness": 0.55,
          "position": [
            0.5,
            -1.5,
            -1.5,
          ],
          "saturation": 0.8,
        },
        "tintLightness": 0.131831707456,
        "tintSaturation": 1,
      },
      "renderer": {
        "defaultSize": 400,
        "maxFrameDelta": 0.1,
        "maxPixelRatio": 2,
        "toneMappingExposure": 0.839291191194,
        "transmissionResolutionScale": 0.5,
      },
      "sparkles": {
        "baseOpacity": 0.45,
        "count": 120,
        "driftRate": -0.03,
        "pulseAmount": 0.15,
        "pulseRate": 0.5,
        "radiusMin": 0.9,
        "radiusRange": 1.4,
        "scatterSeed": 0.21277358802,
        "size": 0.025,
      },
    },
    "0x71C7656EC7ab88b098defB751B7401B5f6d8976F": {
      "camera": {
        "far": 100,
        "fov": 35,
        "lookAt": [
          0,
          -0.05,
          0,
        ],
        "near": 0.1,
        "position": [
          0,
          0.2,
          2.4,
        ],
      },
      "environment": {
        "blurRadius": 0,
        "domeLightness": 0.314,
        "domeRadius": 6,
        "domeSaturation": 0.1,
        "fillCount": 4,
        "fillHueStep": 90,
        "fillLightness": 0.18,
        "fillRadius": 4,
        "fillSaturation": 0.6,
        "fillSize": 0.8,
        "fillY": -1,
        "spotCount": 16,
        "spotOrbitRadius": 5.5,
        "spotSize": 0.07,
        "tintSpotIntensity": 1.8,
        "tintSpotLightness": 0.9,
        "whiteSpotIntensity": 2.5,
      },
      "gem": {
        "attenuationLightness": 0.29,
        "bodyLightness": 0.45,
        "bodySaturationScale": 0.78,
        "cut": "pyrite",
        "distortion": {
          "noiseSeed": 0.748855495127,
          "perfection": 0.273207875201,
          "scaleX": 0.180186985992,
          "scaleY": 0.712861307198,
          "scaleZ": 0.162714433856,
        },
        "hue": 162.109578950331,
        "material": {
          "attenuationDistance": 2,
          "envMapIntensity": 3.1,
          "ior": 2.15459002573,
          "iridescence": 0.517720106523,
          "iridescenceIOR": 1.67,
          "iridescenceThicknessRange": [
            100,
            800,
          ],
          "thickness": 0.5,
          "transmission": 0.8,
        },
        "saturation": 0.889274061029,
        "speed": 0.761917434633,
        "spinRate": 0.25,
        "tilt": -0.156387513969,
        "wireframeOpacity": 0.3,
        "wobbleAmount": 0.2,
        "wobbleRate": 1,
      },
      "lights": {
        "accent1Hue": 241.525369109586,
        "accent2HueOffset": 110,
        "ambientIntensity": 0.2,
        "bobAmount": 0.35,
        "bobRate": 0.38,
        "orbits": [
          {
            "color": 16774368,
            "intensity": 180,
            "phaseDeg": 0,
            "radius": 1.6,
            "speed": 0.55,
            "tint": null,
            "y": 1,
          },
          {
            "color": 16777215,
            "intensity": 140,
            "phaseDeg": 120,
            "radius": 1.8,
            "speed": -0.42,
            "tint": "accent1",
            "y": 0.3,
          },
          {
            "color": 16777215,
            "intensity": 120,
            "phaseDeg": 240,
            "radius": 1.5,
            "speed": 0.8,
            "tint": "accent2",
            "y": -0.2,
          },
          {
            "color": 13162751,
            "intensity": 80,
            "phaseDeg": 180,
            "radius": 2,
            "speed": -0.3,
            "tint": null,
            "y": 1.4,
          },
        ],
        "pointLightRange": 6,
        "rim": {
          "hueOffset": 160,
          "intensity": 1.8,
          "lightness": 0.55,
          "position": [
            0.5,
            -1.5,
            -1.5,
          ],
          "saturation": 0.8,
        },
        "tintLightness": 0.158260028542,
        "tintSaturation": 1,
      },
      "renderer": {
        "defaultSize": 400,
        "maxFrameDelta": 0.1,
        "maxPixelRatio": 2,
        "toneMappingExposure": 0.675522973412,
        "transmissionResolutionScale": 0.5,
      },
      "sparkles": {
        "baseOpacity": 0.45,
        "count": 120,
        "driftRate": -0.03,
        "pulseAmount": 0.15,
        "pulseRate": 0.5,
        "radiusMin": 0.9,
        "radiusRange": 1.4,
        "scatterSeed": 0.053960005753,
        "size": 0.025,
      },
    },
    "alice": {
      "camera": {
        "far": 100,
        "fov": 35,
        "lookAt": [
          0,
          -0.05,
          0,
        ],
        "near": 0.1,
        "position": [
          0,
          0.2,
          2.4,
        ],
      },
      "environment": {
        "blurRadius": 0,
        "domeLightness": 0.314,
        "domeRadius": 6,
        "domeSaturation": 0.1,
        "fillCount": 4,
        "fillHueStep": 90,
        "fillLightness": 0.18,
        "fillRadius": 4,
        "fillSaturation": 0.6,
        "fillSize": 0.8,
        "fillY": -1,
        "spotCount": 16,
        "spotOrbitRadius": 5.5,
        "spotSize": 0.07,
        "tintSpotIntensity": 1.8,
        "tintSpotLightness": 0.9,
        "whiteSpotIntensity": 2.5,
      },
      "gem": {
        "attenuationLightness": 0.29,
        "bodyLightness": 0.45,
        "bodySaturationScale": 0.78,
        "cut": "zircon",
        "distortion": {
          "noiseSeed": 0.930534346728,
          "perfection": 0.063347598538,
          "scaleX": 0.082777279429,
          "scaleY": 0.539406191558,
          "scaleZ": 0.603013213491,
        },
        "hue": 240.327730514109,
        "material": {
          "attenuationDistance": 2,
          "envMapIntensity": 3.1,
          "ior": 2.638575640228,
          "iridescence": 0.912122348184,
          "iridescenceIOR": 1.67,
          "iridescenceThicknessRange": [
            100,
            800,
          ],
          "thickness": 0.5,
          "transmission": 0.8,
        },
        "saturation": 0.624191407161,
        "speed": 0.759846375883,
        "spinRate": 0.25,
        "tilt": -0.07755025737,
        "wireframeOpacity": 0.3,
        "wobbleAmount": 0.2,
        "wobbleRate": 1,
      },
      "lights": {
        "accent1Hue": 179.093743097037,
        "accent2HueOffset": 110,
        "ambientIntensity": 0.2,
        "bobAmount": 0.35,
        "bobRate": 0.38,
        "orbits": [
          {
            "color": 16774368,
            "intensity": 180,
            "phaseDeg": 0,
            "radius": 1.6,
            "speed": 0.55,
            "tint": null,
            "y": 1,
          },
          {
            "color": 16777215,
            "intensity": 140,
            "phaseDeg": 120,
            "radius": 1.8,
            "speed": -0.42,
            "tint": "accent1",
            "y": 0.3,
          },
          {
            "color": 16777215,
            "intensity": 120,
            "phaseDeg": 240,
            "radius": 1.5,
            "speed": 0.8,
            "tint": "accent2",
            "y": -0.2,
          },
          {
            "color": 13162751,
            "intensity": 80,
            "phaseDeg": 180,
            "radius": 2,
            "speed": -0.3,
            "tint": null,
            "y": 1.4,
          },
        ],
        "pointLightRange": 6,
        "rim": {
          "hueOffset": 160,
          "intensity": 1.8,
          "lightness": 0.55,
          "position": [
            0.5,
            -1.5,
            -1.5,
          ],
          "saturation": 0.8,
        },
        "tintLightness": 0.135705884045,
        "tintSaturation": 1,
      },
      "renderer": {
        "defaultSize": 400,
        "maxFrameDelta": 0.1,
        "maxPixelRatio": 2,
        "toneMappingExposure": 0.993519918295,
        "transmissionResolutionScale": 0.5,
      },
      "sparkles": {
        "baseOpacity": 0.45,
        "count": 120,
        "driftRate": -0.03,
        "pulseAmount": 0.15,
        "pulseRate": 0.5,
        "radiusMin": 0.9,
        "radiusRange": 1.4,
        "scatterSeed": 0.182488939026,
        "size": 0.025,
      },
    },
    "✦": {
      "camera": {
        "far": 100,
        "fov": 35,
        "lookAt": [
          0,
          -0.05,
          0,
        ],
        "near": 0.1,
        "position": [
          0,
          0.2,
          2.4,
        ],
      },
      "environment": {
        "blurRadius": 0,
        "domeLightness": 0.314,
        "domeRadius": 6,
        "domeSaturation": 0.1,
        "fillCount": 4,
        "fillHueStep": 90,
        "fillLightness": 0.18,
        "fillRadius": 4,
        "fillSaturation": 0.6,
        "fillSize": 0.8,
        "fillY": -1,
        "spotCount": 16,
        "spotOrbitRadius": 5.5,
        "spotSize": 0.07,
        "tintSpotIntensity": 1.8,
        "tintSpotLightness": 0.9,
        "whiteSpotIntensity": 2.5,
      },
      "gem": {
        "attenuationLightness": 0.29,
        "bodyLightness": 0.45,
        "bodySaturationScale": 0.78,
        "cut": "citrine",
        "distortion": {
          "noiseSeed": 0.118786004838,
          "perfection": 0.447271164507,
          "scaleX": 0.934102129424,
          "scaleY": 0.292832026724,
          "scaleZ": 0.838969515171,
        },
        "hue": 158.880640855059,
        "material": {
          "attenuationDistance": 2,
          "envMapIntensity": 3.1,
          "ior": 1.988978967955,
          "iridescence": 0.534102612082,
          "iridescenceIOR": 1.67,
          "iridescenceThicknessRange": [
            100,
            800,
          ],
          "thickness": 0.5,
          "transmission": 0.8,
        },
        "saturation": 0.818105884595,
        "speed": 1.070236672461,
        "spinRate": 0.25,
        "tilt": -0.169847232662,
        "wireframeOpacity": 0.3,
        "wobbleAmount": 0.2,
        "wobbleRate": 1,
      },
      "lights": {
        "accent1Hue": 241.519843004644,
        "accent2HueOffset": 110,
        "ambientIntensity": 0.2,
        "bobAmount": 0.35,
        "bobRate": 0.38,
        "orbits": [
          {
            "color": 16774368,
            "intensity": 180,
            "phaseDeg": 0,
            "radius": 1.6,
            "speed": 0.55,
            "tint": null,
            "y": 1,
          },
          {
            "color": 16777215,
            "intensity": 140,
            "phaseDeg": 120,
            "radius": 1.8,
            "speed": -0.42,
            "tint": "accent1",
            "y": 0.3,
          },
          {
            "color": 16777215,
            "intensity": 120,
            "phaseDeg": 240,
            "radius": 1.5,
            "speed": 0.8,
            "tint": "accent2",
            "y": -0.2,
          },
          {
            "color": 13162751,
            "intensity": 80,
            "phaseDeg": 180,
            "radius": 2,
            "speed": -0.3,
            "tint": null,
            "y": 1.4,
          },
        ],
        "pointLightRange": 6,
        "rim": {
          "hueOffset": 160,
          "intensity": 1.8,
          "lightness": 0.55,
          "position": [
            0.5,
            -1.5,
            -1.5,
          ],
          "saturation": 0.8,
        },
        "tintLightness": 0.141951920313,
        "tintSaturation": 1,
      },
      "renderer": {
        "defaultSize": 400,
        "maxFrameDelta": 0.1,
        "maxPixelRatio": 2,
        "toneMappingExposure": 0.794611854944,
        "transmissionResolutionScale": 0.5,
      },
      "sparkles": {
        "baseOpacity": 0.45,
        "count": 120,
        "driftRate": -0.03,
        "pulseAmount": 0.15,
        "pulseRate": 0.5,
        "radiusMin": 0.9,
        "radiusRange": 1.4,
        "scatterSeed": 0.212425097125,
        "size": 0.025,
      },
    },
  },
  "geometry": {
    "": "e11676a093516607d170c962fa81742d9d824d5c76f988eb64983048b8299c38",
    "0x71C7656EC7ab88b098defB751B7401B5f6d8976F": "83403a05b986f3f85aacd31be4051e567b8c05c43d6a361494da792502b230ae",
    "alice": "112e8dd5e9fed6df15bad0437256493ff743c35b41e28ace9c9599cf77fdd79e",
    "✦": "89af4f5affc4c33ea84d2c229dc9b5f105a78ed481328a527521e69a37d9ba52",
  },
  "sampleUnit": {
    "": 0.409430325031281,
    "0x71C7656EC7ab88b098defB751B7401B5f6d8976F": 0.454824840417132,
    "alice": 0.758893544785678,
    "✦": 0.404364126967266,
  },
}
`;
